06:55:46 **** Build of configuration Debug for project sum ****
make pre-build main-build 
a9-linaro-pre-build-step
' '
'Building file: ../src/sum.c'
'Invoking: ARM v7 gcc compiler'
arm-none-eabi-gcc -Wall -O0 -g3 -c -fmessage-length=0 -MT"src/sum.o" -mcpu=cortex-a9 -mfpu=vfpv3 -mfloat-abi=hard -I../../sum_bsp/ps7_cortexa9_0/include -MMD -MP -MF"src/sum.d" -MT"src/sum.o" -o "src/sum.o" "../src/sum.c"
'Finished building: ../src/sum.c'
' '
'Building target: sum.elf'
'Invoking: ARM v7 gcc linker'
arm-none-eabi-gcc -mcpu=cortex-a9 -mfpu=vfpv3 -mfloat-abi=hard -Wl,-build-id=none -specs=Xilinx.spec -Wl,-T -Wl,../src/lscript.ld -L../../sum_bsp/ps7_cortexa9_0/lib -o "sum.elf"  ./src/sum.o   -Wl,--start-group,-lxil,-lgcc,-lc,--end-group
'Finished building target: sum.elf'
' '
'Invoking: ARM v7 Print Size'
arm-none-eabi-size sum.elf  |tee "sum.elf.size"
   text	   data	    bss	    dec	    hex	filename
  22196	   1144	  22568	  45908	   b354	sum.elf
'Finished building: sum.elf.size'
' '

06:55:47 Build Finished (took 1s.313ms)

